
> pos-system@1.0.0 build
> tsc && vite build

vite v5.4.21 building for production...
transforming...
✓ 2374 modules transformed.
[plugin:vite:reporter] [plugin vite:reporter] 
(!) /Users/karls/Documents/Inventory Management System/POS_System Final/THE VAPE SQUARE/src/lib/supabase.ts is dynamically imported by /Users/karls/Documents/Inventory Management System/POS_System Final/THE VAPE SQUARE/src/components/inventory/ProductForm.tsx, /Users/karls/Documents/Inventory Management System/POS_System Final/THE VAPE SQUARE/src/lib/expensesApi.ts but also statically imported by /Users/karls/Documents/Inventory Management System/POS_System Final/THE VAPE SQUARE/src/components/accounting/AccountingPage.tsx, /Users/karls/Documents/Inventory Management System/POS_System Final/THE VAPE SQUARE/src/components/auth/AuthCallbackPage.tsx, /Users/karls/Documents/Inventory Management System/POS_System Final/THE VAPE SQUARE/src/components/employees/EmployeesPage.tsx, /Users/karls/Documents/Inventory Management System/POS_System Final/THE VAPE SQUARE/src/components/profile/ProfilePage.tsx, /Users/karls/Documents/Inventory Management System/POS_System Final/THE VAPE SQUARE/src/components/wholesale/WholesalePage.tsx, /Users/karls/Documents/Inventory Management System/POS_System Final/THE VAPE SQUARE/src/lib/businessApi.ts, /Users/karls/Documents/Inventory Management System/POS_System Final/THE VAPE SQUARE/src/lib/expensesApi.ts, /Users/karls/Documents/Inventory Management System/POS_System Final/THE VAPE SQUARE/src/lib/productsApi.ts, /Users/karls/Documents/Inventory Management System/POS_System Final/THE VAPE SQUARE/src/lib/salesApi.ts, /Users/karls/Documents/Inventory Management System/POS_System Final/THE VAPE SQUARE/src/lib/updatesApi.ts, /Users/karls/Documents/Inventory Management System/POS_System Final/THE VAPE SQUARE/src/lib/wholesaleApi.ts, /Users/karls/Documents/Inventory Management System/POS_System Final/THE VAPE SQUARE/src/store/authStore.ts, dynamic import will not move module into another chunk.

[plugin:vite:reporter] [plugin vite:reporter] 
(!) /Users/karls/Documents/Inventory Management System/POS_System Final/THE VAPE SQUARE/src/store/authStore.ts is dynamically imported by /Users/karls/Documents/Inventory Management System/POS_System Final/THE VAPE SQUARE/src/lib/supabase.ts, /Users/karls/Documents/Inventory Management System/POS_System Final/THE VAPE SQUARE/src/lib/supabase.ts, /Users/karls/Documents/Inventory Management System/POS_System Final/THE VAPE SQUARE/src/lib/supabase.ts but also statically imported by /Users/karls/Documents/Inventory Management System/POS_System Final/THE VAPE SQUARE/src/App.tsx, /Users/karls/Documents/Inventory Management System/POS_System Final/THE VAPE SQUARE/src/components/accounting/AccountingPage.tsx, /Users/karls/Documents/Inventory Management System/POS_System Final/THE VAPE SQUARE/src/components/admin/UpdatesAdminPage.tsx, /Users/karls/Documents/Inventory Management System/POS_System Final/THE VAPE SQUARE/src/components/auth/AuthCallbackPage.tsx, /Users/karls/Documents/Inventory Management System/POS_System Final/THE VAPE SQUARE/src/components/auth/AuthPage.tsx, /Users/karls/Documents/Inventory Management System/POS_System Final/THE VAPE SQUARE/src/components/auth/RegisterBusinessPage.tsx, /Users/karls/Documents/Inventory Management System/POS_System Final/THE VAPE SQUARE/src/components/employees/EmployeesPage.tsx, /Users/karls/Documents/Inventory Management System/POS_System Final/THE VAPE SQUARE/src/components/expenses/ExpensesPage.tsx, /Users/karls/Documents/Inventory Management System/POS_System Final/THE VAPE SQUARE/src/components/inventory/ProductForm.tsx, /Users/karls/Documents/Inventory Management System/POS_System Final/THE VAPE SQUARE/src/components/inventory/RestockForm.tsx, /Users/karls/Documents/Inventory Management System/POS_System Final/THE VAPE SQUARE/src/components/pos/CheckoutModal.tsx, /Users/karls/Documents/Inventory Management System/POS_System Final/THE VAPE SQUARE/src/components/profile/ProfilePage.tsx, /Users/karls/Documents/Inventory Management System/POS_System Final/THE VAPE SQUARE/src/components/reports/SaleDetailModal.tsx, /Users/karls/Documents/Inventory Management System/POS_System Final/THE VAPE SQUARE/src/components/shared/Layout.tsx, /Users/karls/Documents/Inventory Management System/POS_System Final/THE VAPE SQUARE/src/components/shared/ProtectedRoute.tsx, /Users/karls/Documents/Inventory Management System/POS_System Final/THE VAPE SQUARE/src/components/wholesale/WholesalePage.tsx, /Users/karls/Documents/Inventory Management System/POS_System Final/THE VAPE SQUARE/src/hooks/useRole.ts, /Users/karls/Documents/Inventory Management System/POS_System Final/THE VAPE SQUARE/src/lib/expensesApi.ts, /Users/karls/Documents/Inventory Management System/POS_System Final/THE VAPE SQUARE/src/lib/productsApi.ts, /Users/karls/Documents/Inventory Management System/POS_System Final/THE VAPE SQUARE/src/lib/salesApi.ts, /Users/karls/Documents/Inventory Management System/POS_System Final/THE VAPE SQUARE/src/lib/updatesApi.ts, /Users/karls/Documents/Inventory Management System/POS_System Final/THE VAPE SQUARE/src/lib/wholesaleApi.ts, dynamic import will not move module into another chunk.

[plugin:vite:reporter] [plugin vite:reporter] 
(!) /Users/karls/Documents/Inventory Management System/POS_System Final/THE VAPE SQUARE/src/lib/productsApi.ts is dynamically imported by /Users/karls/Documents/Inventory Management System/POS_System Final/THE VAPE SQUARE/src/components/inventory/RestockForm.tsx but also statically imported by /Users/karls/Documents/Inventory Management System/POS_System Final/THE VAPE SQUARE/src/components/credits/CreditsPage.tsx, /Users/karls/Documents/Inventory Management System/POS_System Final/THE VAPE SQUARE/src/components/dashboard/DashboardPage.tsx, /Users/karls/Documents/Inventory Management System/POS_System Final/THE VAPE SQUARE/src/components/expenses/ExpensesPage.tsx, /Users/karls/Documents/Inventory Management System/POS_System Final/THE VAPE SQUARE/src/components/inventory/InventoryPage.tsx, /Users/karls/Documents/Inventory Management System/POS_System Final/THE VAPE SQUARE/src/components/inventory/ProductForm.tsx, /Users/karls/Documents/Inventory Management System/POS_System Final/THE VAPE SQUARE/src/components/inventory/RestockForm.tsx, /Users/karls/Documents/Inventory Management System/POS_System Final/THE VAPE SQUARE/src/components/pos/POSPage.tsx, /Users/karls/Documents/Inventory Management System/POS_System Final/THE VAPE SQUARE/src/components/reports/ReportsPage.tsx, /Users/karls/Documents/Inventory Management System/POS_System Final/THE VAPE SQUARE/src/components/wholesale/WholesalePage.tsx, dynamic import will not move module into another chunk.

[plugin:vite:reporter] [plugin vite:reporter] 
(!) /Users/karls/Documents/Inventory Management System/POS_System Final/THE VAPE SQUARE/src/store/cartStore.ts is dynamically imported by /Users/karls/Documents/Inventory Management System/POS_System Final/THE VAPE SQUARE/src/lib/supabase.ts, /Users/karls/Documents/Inventory Management System/POS_System Final/THE VAPE SQUARE/src/store/authStore.ts but also statically imported by /Users/karls/Documents/Inventory Management System/POS_System Final/THE VAPE SQUARE/src/components/pos/CartPanel.tsx, /Users/karls/Documents/Inventory Management System/POS_System Final/THE VAPE SQUARE/src/components/pos/CheckoutModal.tsx, /Users/karls/Documents/Inventory Management System/POS_System Final/THE VAPE SQUARE/src/components/pos/POSPage.tsx, /Users/karls/Documents/Inventory Management System/POS_System Final/THE VAPE SQUARE/src/components/pos/ProductGrid.tsx, dynamic import will not move module into another chunk.

rendering chunks...
computing gzip size...
dist/index.html                     1.34 kB │ gzip:   0.67 kB
dist/assets/index-CIsJKVLD.css     52.14 kB │ gzip:   8.30 kB
dist/assets/index-D1P_meBV.js   1,100.29 kB │ gzip: 285.49 kB

(!) Some chunks are larger than 500 kB after minification. Consider:
- Using dynamic import() to code-split the application
- Use build.rollupOptions.output.manualChunks to improve chunking: https://rollupjs.org/configuration-options/#output-manualchunks
- Adjust chunk size limit for this warning via build.chunkSizeWarningLimit.
✓ built in 2.21s
